============================================================
TEST 1: In-scope query
============================================================
Status: 200
Answer: ╟طععط▀╔ ╟ط┌╤╚و╔ ╟ط╙┌µ╧و╔ فو ╧µط╔ ┌╤╚و╔ ╨╟╩ ╙و╟╧╔ ╩╟ع╔ة ╩ع ╩µ═و╧ف╟ ┌طه و╧ ╟طعط▀ ╟طع─╙╙ ┌╚╧╟ط┌╥و╥ ╚غ ┌╚╧╟ط╤═عغ ┬ط ╙┌µ╧ ▌و 17 ╠ع╟╧ه ╟ط├µطه 1351ف▄/18 ╙╚╩ع╚╤ 1932ع. ┌╟╒ع╩ف╟ ╟ط╤و╟╓ة µ╧╙╩µ╤ف╟ فµ ╟ط▐╤┬غ ╟ط▀╤وع µ╟ط╙غ╔ ╟طغ╚µو╔ ╟ط╘╤و▌╔ة ═و╦ ╩ُ┌╩╚╤ ف╨ف ╟طغ╒µ╒ ع╤╠┌≡╟ ├╙╟╙و≡╟ ▌و غ┘╟ع ╟ط═▀ع µ╟ط▐µ╟غوغ ▌و ╟ط╚ط╟╧. ╟طععط▀╔ ╩ُ┌╤▌ ╚├غف╟ ╧µط╔ ┼╙ط╟عو╔ة µط█╩ف╟ ╟ط╤╙عو╔ فو ╟ط┌╤╚و╔ [1][2]....
Sources count: 5
  [1] ╩╟╤و╬: µ═°╧ ╟طعط▀ ╟طع─╙╙ ┌╚╧╟ط┌╥و╥ ╚غ ┌╚╧╟ط╤═عغ ┬ط ╙┌µ╧ ├╠╥╟┴ ╟ط╚ط╟╧ ╩═╩ ┼╧╟╤╩ف ▌و غ═µ 30 ┌╟ع≡╟ة µ╒╧╤ ├ع╤ ع...
  [2] ═▀µع╔ µ╙و╟╙╔: ╧╙╩µ╤ ╟طععط▀╔ ╟ط┌╤╚و╔ ╟ط╙┌µ╧و╔ فµ ▀╩╟╚ ╟ططف ╩┌╟طه╟ط▐╤┬غ ╟ط▀╤وعة µ╙غ╔ ╟طغ╚و ع═ع╧ ╒طه ╟ططف ╒طه ╟ططف ┌ط...
  [3] ╩╟╤و╬: ╩╘▀ط╩ ▐µ╟┌╧ ╚غ╟┴ ╟ط╧µط╔ ╟ط╙┌µ╧و╔ ▌و ╟ط▐╤غ ╟ط╦╟عغ ┌╘╤ ╟طعوط╟╧وة ┼╨ ╚╧├ ═▀عف╟ ┌╟ع 1139ف▄/1727ع ╚╩╤╙و╬ ...

============================================================
TEST 2: Out-of-scope query
============================================================
Status: 200
Answer: ط╟ ╩µ╠╧ ع┌طµع╟╩ ┌غ ┌╟╒ع╔ ▌╤غ╙╟ ▌و ╟ط╙و╟▐ ╟طع▐╧ع.
Sources count: 5
